// Jest Snapshot v1, https://goo.gl/fbAQLP

exports[`Storyshots Components/BreadCrumbs Overflow Breadcrumb 1`] = `
Object {
  "_$litType$": 1,
  "strings": Array [
    "
    <nav aria-label=\\"breadcrumb\\">
      <ol class=\\"breadcrumb\\">
        ",
    "
      </ol>
   </nav>
   ",
  ],
  "values": Array [
    Object {
      "_$litType$": 1,
      "strings": Array [
        "
      <li class=\\"breadcrumb-item d-flex\\">
        <div class=\\"dropdown\\">
          <button class=\\"btn btn-link dropdown-toggle\\" type=\\"button\\" id=\\"dropdownMenuButton\\" data-bs-toggle=\\"dropdown\\" aria-expanded=\\"false\\">
            ...
          </button>
          <div class=\\"dropdown-menu\\" aria-labelledby=\\"dropdownMenuButton\\">
            <a class=\\"dropdown-item\\" href=\\"#\\">Breadcrumb 1</a>
            <a class=\\"dropdown-item\\" href=\\"#\\">Breadcrumb 2</a>
            <a class=\\"dropdown-item\\" href=\\"#\\">Breadcrumb 3</a>
          </div>
        </div>
      </li>
      <li class=\\"breadcrumb-item\\"><a href=\\"#\\">Breadcrumb 4</a></li>
      <li class=\\"breadcrumb-item active\\" aria-current=\\"page\\">Breadcrumb 5</li>
   ",
      ],
      "values": Array [],
    },
  ],
}
`;

exports[`Storyshots Components/BreadCrumbs Standard 1`] = `
Object {
  "_$litType$": 1,
  "strings": Array [
    "
    <nav aria-label=\\"breadcrumb\\">
      <ol class=\\"breadcrumb\\">
        ",
    "
      </ol>
   </nav>
   ",
  ],
  "values": Array [
    Object {
      "_$litType$": 1,
      "strings": Array [
        "
      <li class=",
        "><a href='#'>Breadcrumb 1</a></li>
      <li class=",
        "><a href='#'>Breadcrumb 2</a></li>
      <li class=",
        ">Breadcrumb 3</li>
    ",
      ],
      "values": Array [
        "breadcrumb-item ",
        "breadcrumb-item ",
        "breadcrumb-item  active",
      ],
    },
  ],
}
`;
